// Jest Snapshot v1, https://goo.gl/fbAQLP

exports[`renders homepage unchanged 1`] = `
<div
  className="pages__StyledDoc-sc-tddur0-0 fCYZQx"
>
  <main
    className="Main__StyledMain-sc-2eiict-0 MMIko"
  >
    <header
      className="Header__StyledHeader-sc-hsjs2o-0 ioGMsl"
    >
      <h1>
        Quarantine Free Travel Destinations
      </h1>
      <p>
        The following countries 
        <span>
          might
        </span>
         be allowing tourists to enter without the need to complete an extended quarantine period.
      </p>
      <p>
        The information on this page may 
        <span>
          not
        </span>
         be entirely
         
        <span>
          accurate
        </span>
         as it is collected via a web scraper which uses regex matching patterns to try and assess the text content of the Gov.uk advice pages.
      </p>
    </header>
    <section>
      <ul
        className="CountryList__StyledCountryList-sc-1yz0uba-0 gcXPyI"
      >
        <span
          className="CountryList__Loader-sc-1yz0uba-1 jLvPnN"
        />
      </ul>
    </section>
  </main>
  <footer
    className="Footer__StyledFooter-sc-1wwr9c-0 cKaiiY"
  >
    <p>
      Made with love by
       
      <a
        href="https://makingstuffs.co.uk"
        title="My website"
      >
        Making Stuffs
      </a>
    </p>
  </footer>
</div>
`;
