// Jest Snapshot v1, https://goo.gl/fbAQLP

exports[`renders homepage unchanged 1`] = `
<div
  className="sc-gsDKAQ gPqYpA"
>
  <main
    className="sc-dkPtRN kPbDLD"
  >
    <header
      className="sc-bdvvtL ccJWeH"
    >
      <h1>
        Quarantine Free Travel Destinations
      </h1>
      <p>
        The following countries 
        <span>
          might
        </span>
         be allowing tourists to enter without the need to complete an extended quarantine period.
      </p>
    </header>
    <section>
      <ul
        className="sc-hKwDye dRzduL"
      >
        <li
          className="sc-eCImPb DCDB"
        >
          <div>
            <h2>
              andorra
            </h2>
            <div
              className="sc-jRQBWg imXNHW"
            >
              <p>
                This page
                 
                doesn't mention the word 'quarantine'
                 
              </p>
              <p>
                This page
                 
                doesn't mention having closed borders
              </p>
            </div>
            <div
              className="sc-gKclnd dQvXD"
            >
              <a
                className="sc-iCfMLu jfIWXV"
                href="https://www.gov.uk/foreign-travel-advice/andorra"
                onClick={[Function]}
                onMouseEnter={[Function]}
              >
                Travel Advice Page
              </a>
              <a
                className="sc-iCfMLu jfIWXV"
                href="https://www.gov.uk/foreign-travel-advice/andorra/entry-requirements#entry-rules-in-response-to-coronavirus-covid-19"
                onClick={[Function]}
                onMouseEnter={[Function]}
              >
                COVID Information Page
              </a>
            </div>
          </div>
        </li>
        <li
          className="sc-eCImPb DCDB"
        >
          <div>
            <h2>
              armenia
            </h2>
            <div
              className="sc-jRQBWg imXNHW"
            >
              <p>
                This page
                 
                doesn't mention the word 'quarantine'
                 
              </p>
              <p>
                This page
                 
                doesn't mention having closed borders
              </p>
            </div>
            <div
              className="sc-gKclnd dQvXD"
            >
              <a
                className="sc-iCfMLu jfIWXV"
                href="https://www.gov.uk/foreign-travel-advice/armenia"
                onClick={[Function]}
                onMouseEnter={[Function]}
              >
                Travel Advice Page
              </a>
              <a
                className="sc-iCfMLu jfIWXV"
                href="https://www.gov.uk/foreign-travel-advice/armenia/entry-requirements#entry-rules-in-response-to-coronavirus-covid-19"
                onClick={[Function]}
                onMouseEnter={[Function]}
              >
                COVID Information Page
              </a>
            </div>
          </div>
        </li>
        <li
          className="sc-eCImPb DCDB"
        >
          <div>
            <h2>
              aruba
            </h2>
            <div
              className="sc-jRQBWg imXNHW"
            >
              <p>
                This page
                 
                doesn't mention the word 'quarantine'
                 
              </p>
              <p>
                This page
                 
                doesn't mention having closed borders
              </p>
            </div>
            <div
              className="sc-gKclnd dQvXD"
            >
              <a
                className="sc-iCfMLu jfIWXV"
                href="https://www.gov.uk/foreign-travel-advice/aruba"
                onClick={[Function]}
                onMouseEnter={[Function]}
              >
                Travel Advice Page
              </a>
              <a
                className="sc-iCfMLu jfIWXV"
                href="https://www.gov.uk/foreign-travel-advice/aruba/entry-requirements#entry-rules-in-response-to-coronavirus-covid-19"
                onClick={[Function]}
                onMouseEnter={[Function]}
              >
                COVID Information Page
              </a>
            </div>
          </div>
        </li>
        <li
          className="sc-eCImPb DCDB"
        >
          <div>
            <h2>
              azerbaijan
            </h2>
            <div
              className="sc-jRQBWg imXNHW"
            >
              <p>
                This page
                 
                doesn't mention the word 'quarantine'
                 
              </p>
              <p>
                This page
                 
                doesn't mention having closed borders
              </p>
            </div>
            <div
              className="sc-gKclnd dQvXD"
            >
              <a
                className="sc-iCfMLu jfIWXV"
                href="https://www.gov.uk/foreign-travel-advice/azerbaijan"
                onClick={[Function]}
                onMouseEnter={[Function]}
              >
                Travel Advice Page
              </a>
              <a
                className="sc-iCfMLu jfIWXV"
                href="https://www.gov.uk/foreign-travel-advice/azerbaijan/entry-requirements#entry-rules-in-response-to-coronavirus-covid-19"
                onClick={[Function]}
                onMouseEnter={[Function]}
              >
                COVID Information Page
              </a>
            </div>
          </div>
        </li>
        <li
          className="sc-eCImPb DCDB"
        >
          <div>
            <h2>
              bahamas
            </h2>
            <div
              className="sc-jRQBWg imXNHW"
            >
              <p>
                This page
                 
                doesn't mention the word 'quarantine'
                 
              </p>
              <p>
                This page
                 
                doesn't mention having closed borders
              </p>
            </div>
            <div
              className="sc-gKclnd dQvXD"
            >
              <a
                className="sc-iCfMLu jfIWXV"
                href="https://www.gov.uk/foreign-travel-advice/bahamas"
                onClick={[Function]}
                onMouseEnter={[Function]}
              >
                Travel Advice Page
              </a>
              <a
                className="sc-iCfMLu jfIWXV"
                href="https://www.gov.uk/foreign-travel-advice/bahamas/entry-requirements#entry-rules-in-response-to-coronavirus-covid-19"
                onClick={[Function]}
                onMouseEnter={[Function]}
              >
                COVID Information Page
              </a>
            </div>
          </div>
        </li>
        <li
          className="sc-eCImPb DCDB"
        >
          <div>
            <h2>
              bangladesh
            </h2>
            <div
              className="sc-jRQBWg imXNHW"
            >
              <p>
                This page
                 
                mentions the word 'quarantine'
                 
              </p>
              <p>
                Quarantine measures may be conditional for this country
              </p>
              <p>
                This page
                 
                doesn't mention having closed borders
              </p>
            </div>
            <div
              className="sc-gKclnd dQvXD"
            >
              <a
                className="sc-iCfMLu jfIWXV"
                href="https://www.gov.uk/foreign-travel-advice/bangladesh"
                onClick={[Function]}
                onMouseEnter={[Function]}
              >
                Travel Advice Page
              </a>
              <a
                className="sc-iCfMLu jfIWXV"
                href="https://www.gov.uk/foreign-travel-advice/bangladesh/entry-requirements#entry-rules-in-response-to-coronavirus-covid-19"
                onClick={[Function]}
                onMouseEnter={[Function]}
              >
                COVID Information Page
              </a>
            </div>
          </div>
        </li>
        <li
          className="sc-eCImPb DCDB"
        >
          <div>
            <h2>
              bhutan
            </h2>
            <div
              className="sc-jRQBWg imXNHW"
            >
              <p>
                This page
                 
                doesn't mention the word 'quarantine'
                 
              </p>
              <p>
                This page
                 
                doesn't mention having closed borders
              </p>
            </div>
            <div
              className="sc-gKclnd dQvXD"
            >
              <a
                className="sc-iCfMLu jfIWXV"
                href="https://www.gov.uk/foreign-travel-advice/bhutan"
                onClick={[Function]}
                onMouseEnter={[Function]}
              >
                Travel Advice Page
              </a>
              <a
                className="sc-iCfMLu jfIWXV"
                href="https://www.gov.uk/foreign-travel-advice/bhutan/entry-requirements#entry-rules-in-response-to-coronavirus-covid-19"
                onClick={[Function]}
                onMouseEnter={[Function]}
              >
                COVID Information Page
              </a>
            </div>
          </div>
        </li>
        <li
          className="sc-eCImPb DCDB"
        >
          <div>
            <h2>
              bolivia
            </h2>
            <div
              className="sc-jRQBWg imXNHW"
            >
              <p>
                This page
                 
                doesn't mention the word 'quarantine'
                 
              </p>
              <p>
                This page
                 
                doesn't mention having closed borders
              </p>
            </div>
            <div
              className="sc-gKclnd dQvXD"
            >
              <a
                className="sc-iCfMLu jfIWXV"
                href="https://www.gov.uk/foreign-travel-advice/bolivia"
                onClick={[Function]}
                onMouseEnter={[Function]}
              >
                Travel Advice Page
              </a>
              <a
                className="sc-iCfMLu jfIWXV"
                href="https://www.gov.uk/foreign-travel-advice/bolivia/entry-requirements#entry-rules-in-response-to-coronavirus-covid-19"
                onClick={[Function]}
                onMouseEnter={[Function]}
              >
                COVID Information Page
              </a>
            </div>
          </div>
        </li>
        <li
          className="sc-eCImPb DCDB"
        >
          <div>
            <h2>
              cape verde
            </h2>
            <div
              className="sc-jRQBWg imXNHW"
            >
              <p>
                This page
                 
                doesn't mention the word 'quarantine'
                 
              </p>
              <p>
                This page
                 
                doesn't mention having closed borders
              </p>
            </div>
            <div
              className="sc-gKclnd dQvXD"
            >
              <a
                className="sc-iCfMLu jfIWXV"
                href="https://www.gov.uk/foreign-travel-advice/cape-verde"
                onClick={[Function]}
                onMouseEnter={[Function]}
              >
                Travel Advice Page
              </a>
              <a
                className="sc-iCfMLu jfIWXV"
                href="https://www.gov.uk/foreign-travel-advice/cape-verde/entry-requirements#entry-rules-in-response-to-coronavirus-covid-19"
                onClick={[Function]}
                onMouseEnter={[Function]}
              >
                COVID Information Page
              </a>
            </div>
          </div>
        </li>
        <li
          className="sc-eCImPb DCDB"
        >
          <div>
            <h2>
              chad
            </h2>
            <div
              className="sc-jRQBWg imXNHW"
            >
              <p>
                This page
                 
                doesn't mention the word 'quarantine'
                 
              </p>
              <p>
                This page
                 
                doesn't mention having closed borders
              </p>
            </div>
            <div
              className="sc-gKclnd dQvXD"
            >
              <a
                className="sc-iCfMLu jfIWXV"
                href="https://www.gov.uk/foreign-travel-advice/chad"
                onClick={[Function]}
                onMouseEnter={[Function]}
              >
                Travel Advice Page
              </a>
              <a
                className="sc-iCfMLu jfIWXV"
                href="https://www.gov.uk/foreign-travel-advice/chad/entry-requirements#entry-rules-in-response-to-coronavirus-covid-19"
                onClick={[Function]}
                onMouseEnter={[Function]}
              >
                COVID Information Page
              </a>
            </div>
          </div>
        </li>
        <li
          className="sc-eCImPb DCDB"
        >
          <div>
            <h2>
              comoros
            </h2>
            <div
              className="sc-jRQBWg imXNHW"
            >
              <p>
                This page
                 
                doesn't mention the word 'quarantine'
                 
              </p>
              <p>
                This page
                 
                doesn't mention having closed borders
              </p>
            </div>
            <div
              className="sc-gKclnd dQvXD"
            >
              <a
                className="sc-iCfMLu jfIWXV"
                href="https://www.gov.uk/foreign-travel-advice/comoros"
                onClick={[Function]}
                onMouseEnter={[Function]}
              >
                Travel Advice Page
              </a>
              <a
                className="sc-iCfMLu jfIWXV"
                href="https://www.gov.uk/foreign-travel-advice/comoros/entry-requirements#entry-rules-in-response-to-coronavirus-covid-19"
                onClick={[Function]}
                onMouseEnter={[Function]}
              >
                COVID Information Page
              </a>
            </div>
          </div>
        </li>
        <li
          className="sc-eCImPb DCDB"
        >
          <div>
            <h2>
              congo
            </h2>
            <div
              className="sc-jRQBWg imXNHW"
            >
              <p>
                This page
                 
                doesn't mention the word 'quarantine'
                 
              </p>
              <p>
                This page
                 
                doesn't mention having closed borders
              </p>
            </div>
            <div
              className="sc-gKclnd dQvXD"
            >
              <a
                className="sc-iCfMLu jfIWXV"
                href="https://www.gov.uk/foreign-travel-advice/congo"
                onClick={[Function]}
                onMouseEnter={[Function]}
              >
                Travel Advice Page
              </a>
              <a
                className="sc-iCfMLu jfIWXV"
                href="https://www.gov.uk/foreign-travel-advice/congo/entry-requirements#entry-rules-in-response-to-coronavirus-covid-19"
                onClick={[Function]}
                onMouseEnter={[Function]}
              >
                COVID Information Page
              </a>
            </div>
          </div>
        </li>
        <li
          className="sc-eCImPb DCDB"
        >
          <div>
            <h2>
              czech republic
            </h2>
            <div
              className="sc-jRQBWg imXNHW"
            >
              <p>
                This page
                 
                doesn't mention the word 'quarantine'
                 
              </p>
              <p>
                This page
                 
                doesn't mention having closed borders
              </p>
            </div>
            <div
              className="sc-gKclnd dQvXD"
            >
              <a
                className="sc-iCfMLu jfIWXV"
                href="https://www.gov.uk/foreign-travel-advice/czech-republic"
                onClick={[Function]}
                onMouseEnter={[Function]}
              >
                Travel Advice Page
              </a>
              <a
                className="sc-iCfMLu jfIWXV"
                href="https://www.gov.uk/foreign-travel-advice/czech-republic/entry-requirements#entry-rules-in-response-to-coronavirus-covid-19"
                onClick={[Function]}
                onMouseEnter={[Function]}
              >
                COVID Information Page
              </a>
            </div>
          </div>
        </li>
        <li
          className="sc-eCImPb DCDB"
        >
          <div>
            <h2>
              democratic republic of the congo
            </h2>
            <div
              className="sc-jRQBWg imXNHW"
            >
              <p>
                This page
                 
                doesn't mention the word 'quarantine'
                 
              </p>
              <p>
                This page
                 
                doesn't mention having closed borders
              </p>
            </div>
            <div
              className="sc-gKclnd dQvXD"
            >
              <a
                className="sc-iCfMLu jfIWXV"
                href="https://www.gov.uk/foreign-travel-advice/democratic-republic-of-the-congo"
                onClick={[Function]}
                onMouseEnter={[Function]}
              >
                Travel Advice Page
              </a>
              <a
                className="sc-iCfMLu jfIWXV"
                href="https://www.gov.uk/foreign-travel-advice/democratic-republic-of-the-congo/entry-requirements#entry-rules-in-response-to-coronavirus-covid-19"
                onClick={[Function]}
                onMouseEnter={[Function]}
              >
                COVID Information Page
              </a>
            </div>
          </div>
        </li>
        <li
          className="sc-eCImPb DCDB"
        >
          <div>
            <h2>
              dominican republic
            </h2>
            <div
              className="sc-jRQBWg imXNHW"
            >
              <p>
                This page
                 
                doesn't mention the word 'quarantine'
                 
              </p>
              <p>
                This page
                 
                doesn't mention having closed borders
              </p>
            </div>
            <div
              className="sc-gKclnd dQvXD"
            >
              <a
                className="sc-iCfMLu jfIWXV"
                href="https://www.gov.uk/foreign-travel-advice/dominican-republic"
                onClick={[Function]}
                onMouseEnter={[Function]}
              >
                Travel Advice Page
              </a>
              <a
                className="sc-iCfMLu jfIWXV"
                href="https://www.gov.uk/foreign-travel-advice/dominican-republic/entry-requirements#entry-rules-in-response-to-coronavirus-covid-19"
                onClick={[Function]}
                onMouseEnter={[Function]}
              >
                COVID Information Page
              </a>
            </div>
          </div>
        </li>
        <li
          className="sc-eCImPb DCDB"
        >
          <div>
            <h2>
              el salvador
            </h2>
            <div
              className="sc-jRQBWg imXNHW"
            >
              <p>
                This page
                 
                doesn't mention the word 'quarantine'
                 
              </p>
              <p>
                This page
                 
                doesn't mention having closed borders
              </p>
            </div>
            <div
              className="sc-gKclnd dQvXD"
            >
              <a
                className="sc-iCfMLu jfIWXV"
                href="https://www.gov.uk/foreign-travel-advice/el-salvador"
                onClick={[Function]}
                onMouseEnter={[Function]}
              >
                Travel Advice Page
              </a>
              <a
                className="sc-iCfMLu jfIWXV"
                href="https://www.gov.uk/foreign-travel-advice/el-salvador/entry-requirements#entry-rules-in-response-to-coronavirus-covid-19"
                onClick={[Function]}
                onMouseEnter={[Function]}
              >
                COVID Information Page
              </a>
            </div>
          </div>
        </li>
        <li
          className="sc-eCImPb DCDB"
        >
          <div>
            <h2>
              falkland islands
            </h2>
            <div
              className="sc-jRQBWg imXNHW"
            >
              <p>
                This page
                 
                mentions the word 'quarantine'
                 
              </p>
              <p>
                Quarantine measures may be conditional for this country
              </p>
              <p>
                This page
                 
                doesn't mention having closed borders
              </p>
            </div>
            <div
              className="sc-gKclnd dQvXD"
            >
              <a
                className="sc-iCfMLu jfIWXV"
                href="https://www.gov.uk/foreign-travel-advice/falkland-islands"
                onClick={[Function]}
                onMouseEnter={[Function]}
              >
                Travel Advice Page
              </a>
              <a
                className="sc-iCfMLu jfIWXV"
                href="https://www.gov.uk/foreign-travel-advice/falkland-islands/entry-requirements#entry-rules-in-response-to-coronavirus-covid-19"
                onClick={[Function]}
                onMouseEnter={[Function]}
              >
                COVID Information Page
              </a>
            </div>
          </div>
        </li>
        <li
          className="sc-eCImPb DCDB"
        >
          <div>
            <h2>
              french polynesia
            </h2>
            <div
              className="sc-jRQBWg imXNHW"
            >
              <p>
                This page
                 
                doesn't mention the word 'quarantine'
                 
              </p>
              <p>
                This page
                 
                doesn't mention having closed borders
              </p>
            </div>
            <div
              className="sc-gKclnd dQvXD"
            >
              <a
                className="sc-iCfMLu jfIWXV"
                href="https://www.gov.uk/foreign-travel-advice/french-polynesia"
                onClick={[Function]}
                onMouseEnter={[Function]}
              >
                Travel Advice Page
              </a>
              <a
                className="sc-iCfMLu jfIWXV"
                href="https://www.gov.uk/foreign-travel-advice/french-polynesia/entry-requirements#entry-rules-in-response-to-coronavirus-covid-19"
                onClick={[Function]}
                onMouseEnter={[Function]}
              >
                COVID Information Page
              </a>
            </div>
          </div>
        </li>
        <li
          className="sc-eCImPb DCDB"
        >
          <div>
            <h2>
              gibraltar
            </h2>
            <div
              className="sc-jRQBWg imXNHW"
            >
              <p>
                This page
                 
                doesn't mention the word 'quarantine'
                 
              </p>
              <p>
                This page
                 
                doesn't mention having closed borders
              </p>
            </div>
            <div
              className="sc-gKclnd dQvXD"
            >
              <a
                className="sc-iCfMLu jfIWXV"
                href="https://www.gov.uk/foreign-travel-advice/gibraltar"
                onClick={[Function]}
                onMouseEnter={[Function]}
              >
                Travel Advice Page
              </a>
              <a
                className="sc-iCfMLu jfIWXV"
                href="https://www.gov.uk/foreign-travel-advice/gibraltar/entry-requirements#entry-rules-in-response-to-coronavirus-covid-19"
                onClick={[Function]}
                onMouseEnter={[Function]}
              >
                COVID Information Page
              </a>
            </div>
          </div>
        </li>
        <li
          className="sc-eCImPb DCDB"
        >
          <div>
            <h2>
              guadeloupe
            </h2>
            <div
              className="sc-jRQBWg imXNHW"
            >
              <p>
                This page
                 
                doesn't mention the word 'quarantine'
                 
              </p>
              <p>
                This page
                 
                doesn't mention having closed borders
              </p>
            </div>
            <div
              className="sc-gKclnd dQvXD"
            >
              <a
                className="sc-iCfMLu jfIWXV"
                href="https://www.gov.uk/foreign-travel-advice/guadeloupe"
                onClick={[Function]}
                onMouseEnter={[Function]}
              >
                Travel Advice Page
              </a>
              <a
                className="sc-iCfMLu jfIWXV"
                href="https://www.gov.uk/foreign-travel-advice/guadeloupe/entry-requirements#entry-rules-in-response-to-coronavirus-covid-19"
                onClick={[Function]}
                onMouseEnter={[Function]}
              >
                COVID Information Page
              </a>
            </div>
          </div>
        </li>
        <li
          className="sc-eCImPb DCDB"
        >
          <div>
            <h2>
              guinea bissau
            </h2>
            <div
              className="sc-jRQBWg imXNHW"
            >
              <p>
                This page
                 
                doesn't mention the word 'quarantine'
                 
              </p>
              <p>
                This page
                 
                doesn't mention having closed borders
              </p>
            </div>
            <div
              className="sc-gKclnd dQvXD"
            >
              <a
                className="sc-iCfMLu jfIWXV"
                href="https://www.gov.uk/foreign-travel-advice/guinea-bissau"
                onClick={[Function]}
                onMouseEnter={[Function]}
              >
                Travel Advice Page
              </a>
              <a
                className="sc-iCfMLu jfIWXV"
                href="https://www.gov.uk/foreign-travel-advice/guinea-bissau/entry-requirements#entry-rules-in-response-to-coronavirus-covid-19"
                onClick={[Function]}
                onMouseEnter={[Function]}
              >
                COVID Information Page
              </a>
            </div>
          </div>
        </li>
        <li
          className="sc-eCImPb DCDB"
        >
          <div>
            <h2>
              guyana
            </h2>
            <div
              className="sc-jRQBWg imXNHW"
            >
              <p>
                This page
                 
                doesn't mention the word 'quarantine'
                 
              </p>
              <p>
                This page
                 
                doesn't mention having closed borders
              </p>
            </div>
            <div
              className="sc-gKclnd dQvXD"
            >
              <a
                className="sc-iCfMLu jfIWXV"
                href="https://www.gov.uk/foreign-travel-advice/guyana"
                onClick={[Function]}
                onMouseEnter={[Function]}
              >
                Travel Advice Page
              </a>
              <a
                className="sc-iCfMLu jfIWXV"
                href="https://www.gov.uk/foreign-travel-advice/guyana/entry-requirements#entry-rules-in-response-to-coronavirus-covid-19"
                onClick={[Function]}
                onMouseEnter={[Function]}
              >
                COVID Information Page
              </a>
            </div>
          </div>
        </li>
        <li
          className="sc-eCImPb DCDB"
        >
          <div>
            <h2>
              haiti
            </h2>
            <div
              className="sc-jRQBWg imXNHW"
            >
              <p>
                This page
                 
                doesn't mention the word 'quarantine'
                 
              </p>
              <p>
                This page
                 
                doesn't mention having closed borders
              </p>
            </div>
            <div
              className="sc-gKclnd dQvXD"
            >
              <a
                className="sc-iCfMLu jfIWXV"
                href="https://www.gov.uk/foreign-travel-advice/haiti"
                onClick={[Function]}
                onMouseEnter={[Function]}
              >
                Travel Advice Page
              </a>
              <a
                className="sc-iCfMLu jfIWXV"
                href="https://www.gov.uk/foreign-travel-advice/haiti/entry-requirements#entry-rules-in-response-to-coronavirus-covid-19"
                onClick={[Function]}
                onMouseEnter={[Function]}
              >
                COVID Information Page
              </a>
            </div>
          </div>
        </li>
        <li
          className="sc-eCImPb DCDB"
        >
          <div>
            <h2>
              iraq
            </h2>
            <div
              className="sc-jRQBWg imXNHW"
            >
              <p>
                This page
                 
                doesn't mention the word 'quarantine'
                 
              </p>
              <p>
                This page
                 
                doesn't mention having closed borders
              </p>
            </div>
            <div
              className="sc-gKclnd dQvXD"
            >
              <a
                className="sc-iCfMLu jfIWXV"
                href="https://www.gov.uk/foreign-travel-advice/iraq"
                onClick={[Function]}
                onMouseEnter={[Function]}
              >
                Travel Advice Page
              </a>
              <a
                className="sc-iCfMLu jfIWXV"
                href="https://www.gov.uk/foreign-travel-advice/iraq/entry-requirements#entry-rules-in-response-to-coronavirus-covid-19"
                onClick={[Function]}
                onMouseEnter={[Function]}
              >
                COVID Information Page
              </a>
            </div>
          </div>
        </li>
        <li
          className="sc-eCImPb DCDB"
        >
          <div>
            <h2>
              kosovo
            </h2>
            <div
              className="sc-jRQBWg imXNHW"
            >
              <p>
                This page
                 
                doesn't mention the word 'quarantine'
                 
              </p>
              <p>
                This page
                 
                doesn't mention having closed borders
              </p>
            </div>
            <div
              className="sc-gKclnd dQvXD"
            >
              <a
                className="sc-iCfMLu jfIWXV"
                href="https://www.gov.uk/foreign-travel-advice/kosovo"
                onClick={[Function]}
                onMouseEnter={[Function]}
              >
                Travel Advice Page
              </a>
              <a
                className="sc-iCfMLu jfIWXV"
                href="https://www.gov.uk/foreign-travel-advice/kosovo/entry-requirements#entry-rules-in-response-to-coronavirus-covid-19"
                onClick={[Function]}
                onMouseEnter={[Function]}
              >
                COVID Information Page
              </a>
            </div>
          </div>
        </li>
        <li
          className="sc-eCImPb DCDB"
        >
          <div>
            <h2>
              kyrgyzstan
            </h2>
            <div
              className="sc-jRQBWg imXNHW"
            >
              <p>
                This page
                 
                doesn't mention the word 'quarantine'
                 
              </p>
              <p>
                This page
                 
                doesn't mention having closed borders
              </p>
            </div>
            <div
              className="sc-gKclnd dQvXD"
            >
              <a
                className="sc-iCfMLu jfIWXV"
                href="https://www.gov.uk/foreign-travel-advice/kyrgyzstan"
                onClick={[Function]}
                onMouseEnter={[Function]}
              >
                Travel Advice Page
              </a>
              <a
                className="sc-iCfMLu jfIWXV"
                href="https://www.gov.uk/foreign-travel-advice/kyrgyzstan/entry-requirements#entry-rules-in-response-to-coronavirus-covid-19"
                onClick={[Function]}
                onMouseEnter={[Function]}
              >
                COVID Information Page
              </a>
            </div>
          </div>
        </li>
        <li
          className="sc-eCImPb DCDB"
        >
          <div>
            <h2>
              libya
            </h2>
            <div
              className="sc-jRQBWg imXNHW"
            >
              <p>
                This page
                 
                doesn't mention the word 'quarantine'
                 
              </p>
              <p>
                This page
                 
                doesn't mention having closed borders
              </p>
            </div>
            <div
              className="sc-gKclnd dQvXD"
            >
              <a
                className="sc-iCfMLu jfIWXV"
                href="https://www.gov.uk/foreign-travel-advice/libya"
                onClick={[Function]}
                onMouseEnter={[Function]}
              >
                Travel Advice Page
              </a>
              <a
                className="sc-iCfMLu jfIWXV"
                href="https://www.gov.uk/foreign-travel-advice/libya/entry-requirements#entry-rules-in-response-to-coronavirus-covid-19"
                onClick={[Function]}
                onMouseEnter={[Function]}
              >
                COVID Information Page
              </a>
            </div>
          </div>
        </li>
        <li
          className="sc-eCImPb DCDB"
        >
          <div>
            <h2>
              luxembourg
            </h2>
            <div
              className="sc-jRQBWg imXNHW"
            >
              <p>
                This page
                 
                doesn't mention the word 'quarantine'
                 
              </p>
              <p>
                This page
                 
                doesn't mention having closed borders
              </p>
            </div>
            <div
              className="sc-gKclnd dQvXD"
            >
              <a
                className="sc-iCfMLu jfIWXV"
                href="https://www.gov.uk/foreign-travel-advice/luxembourg"
                onClick={[Function]}
                onMouseEnter={[Function]}
              >
                Travel Advice Page
              </a>
              <a
                className="sc-iCfMLu jfIWXV"
                href="https://www.gov.uk/foreign-travel-advice/luxembourg/entry-requirements#entry-rules-in-response-to-coronavirus-covid-19"
                onClick={[Function]}
                onMouseEnter={[Function]}
              >
                COVID Information Page
              </a>
            </div>
          </div>
        </li>
        <li
          className="sc-eCImPb DCDB"
        >
          <div>
            <h2>
              malta
            </h2>
            <div
              className="sc-jRQBWg imXNHW"
            >
              <p>
                This page
                 
                mentions the word 'quarantine'
                 
              </p>
              <p>
                Quarantine measures may be conditional for this country
              </p>
              <p>
                This page
                 
                doesn't mention having closed borders
              </p>
            </div>
            <div
              className="sc-gKclnd dQvXD"
            >
              <a
                className="sc-iCfMLu jfIWXV"
                href="https://www.gov.uk/foreign-travel-advice/malta"
                onClick={[Function]}
                onMouseEnter={[Function]}
              >
                Travel Advice Page
              </a>
              <a
                className="sc-iCfMLu jfIWXV"
                href="https://www.gov.uk/foreign-travel-advice/malta/entry-requirements#entry-rules-in-response-to-coronavirus-covid-19"
                onClick={[Function]}
                onMouseEnter={[Function]}
              >
                COVID Information Page
              </a>
            </div>
          </div>
        </li>
        <li
          className="sc-eCImPb DCDB"
        >
          <div>
            <h2>
              mauritania
            </h2>
            <div
              className="sc-jRQBWg imXNHW"
            >
              <p>
                This page
                 
                doesn't mention the word 'quarantine'
                 
              </p>
              <p>
                This page
                 
                doesn't mention having closed borders
              </p>
            </div>
            <div
              className="sc-gKclnd dQvXD"
            >
              <a
                className="sc-iCfMLu jfIWXV"
                href="https://www.gov.uk/foreign-travel-advice/mauritania"
                onClick={[Function]}
                onMouseEnter={[Function]}
              >
                Travel Advice Page
              </a>
              <a
                className="sc-iCfMLu jfIWXV"
                href="https://www.gov.uk/foreign-travel-advice/mauritania/entry-requirements#entry-rules-in-response-to-coronavirus-covid-19"
                onClick={[Function]}
                onMouseEnter={[Function]}
              >
                COVID Information Page
              </a>
            </div>
          </div>
        </li>
        <li
          className="sc-eCImPb DCDB"
        >
          <div>
            <h2>
              mexico
            </h2>
            <div
              className="sc-jRQBWg imXNHW"
            >
              <p>
                This page
                 
                doesn't mention the word 'quarantine'
                 
              </p>
              <p>
                This page
                 
                doesn't mention having closed borders
              </p>
            </div>
            <div
              className="sc-gKclnd dQvXD"
            >
              <a
                className="sc-iCfMLu jfIWXV"
                href="https://www.gov.uk/foreign-travel-advice/mexico"
                onClick={[Function]}
                onMouseEnter={[Function]}
              >
                Travel Advice Page
              </a>
              <a
                className="sc-iCfMLu jfIWXV"
                href="https://www.gov.uk/foreign-travel-advice/mexico/entry-requirements#entry-rules-in-response-to-coronavirus-covid-19"
                onClick={[Function]}
                onMouseEnter={[Function]}
              >
                COVID Information Page
              </a>
            </div>
          </div>
        </li>
        <li
          className="sc-eCImPb DCDB"
        >
          <div>
            <h2>
              micronesia
            </h2>
            <div
              className="sc-jRQBWg imXNHW"
            >
              <p>
                This page
                 
                doesn't mention the word 'quarantine'
                 
              </p>
              <p>
                This page
                 
                doesn't mention having closed borders
              </p>
            </div>
            <div
              className="sc-gKclnd dQvXD"
            >
              <a
                className="sc-iCfMLu jfIWXV"
                href="https://www.gov.uk/foreign-travel-advice/micronesia"
                onClick={[Function]}
                onMouseEnter={[Function]}
              >
                Travel Advice Page
              </a>
              <a
                className="sc-iCfMLu jfIWXV"
                href="https://www.gov.uk/foreign-travel-advice/micronesia/entry-requirements#entry-rules-in-response-to-coronavirus-covid-19"
                onClick={[Function]}
                onMouseEnter={[Function]}
              >
                COVID Information Page
              </a>
            </div>
          </div>
        </li>
        <li
          className="sc-eCImPb DCDB"
        >
          <div>
            <h2>
              mongolia
            </h2>
            <div
              className="sc-jRQBWg imXNHW"
            >
              <p>
                This page
                 
                doesn't mention the word 'quarantine'
                 
              </p>
              <p>
                This page
                 
                doesn't mention having closed borders
              </p>
            </div>
            <div
              className="sc-gKclnd dQvXD"
            >
              <a
                className="sc-iCfMLu jfIWXV"
                href="https://www.gov.uk/foreign-travel-advice/mongolia"
                onClick={[Function]}
                onMouseEnter={[Function]}
              >
                Travel Advice Page
              </a>
              <a
                className="sc-iCfMLu jfIWXV"
                href="https://www.gov.uk/foreign-travel-advice/mongolia/entry-requirements#entry-rules-in-response-to-coronavirus-covid-19"
                onClick={[Function]}
                onMouseEnter={[Function]}
              >
                COVID Information Page
              </a>
            </div>
          </div>
        </li>
        <li
          className="sc-eCImPb DCDB"
        >
          <div>
            <h2>
              montenegro
            </h2>
            <div
              className="sc-jRQBWg imXNHW"
            >
              <p>
                This page
                 
                doesn't mention the word 'quarantine'
                 
              </p>
              <p>
                This page
                 
                doesn't mention having closed borders
              </p>
            </div>
            <div
              className="sc-gKclnd dQvXD"
            >
              <a
                className="sc-iCfMLu jfIWXV"
                href="https://www.gov.uk/foreign-travel-advice/montenegro"
                onClick={[Function]}
                onMouseEnter={[Function]}
              >
                Travel Advice Page
              </a>
              <a
                className="sc-iCfMLu jfIWXV"
                href="https://www.gov.uk/foreign-travel-advice/montenegro/entry-requirements#entry-rules-in-response-to-coronavirus-covid-19"
                onClick={[Function]}
                onMouseEnter={[Function]}
              >
                COVID Information Page
              </a>
            </div>
          </div>
        </li>
        <li
          className="sc-eCImPb DCDB"
        >
          <div>
            <h2>
              morocco
            </h2>
            <div
              className="sc-jRQBWg imXNHW"
            >
              <p>
                This page
                 
                doesn't mention the word 'quarantine'
                 
              </p>
              <p>
                This page
                 
                doesn't mention having closed borders
              </p>
            </div>
            <div
              className="sc-gKclnd dQvXD"
            >
              <a
                className="sc-iCfMLu jfIWXV"
                href="https://www.gov.uk/foreign-travel-advice/morocco"
                onClick={[Function]}
                onMouseEnter={[Function]}
              >
                Travel Advice Page
              </a>
              <a
                className="sc-iCfMLu jfIWXV"
                href="https://www.gov.uk/foreign-travel-advice/morocco/entry-requirements#entry-rules-in-response-to-coronavirus-covid-19"
                onClick={[Function]}
                onMouseEnter={[Function]}
              >
                COVID Information Page
              </a>
            </div>
          </div>
        </li>
        <li
          className="sc-eCImPb DCDB"
        >
          <div>
            <h2>
              nepal
            </h2>
            <div
              className="sc-jRQBWg imXNHW"
            >
              <p>
                This page
                 
                doesn't mention the word 'quarantine'
                 
              </p>
              <p>
                This page
                 
                doesn't mention having closed borders
              </p>
            </div>
            <div
              className="sc-gKclnd dQvXD"
            >
              <a
                className="sc-iCfMLu jfIWXV"
                href="https://www.gov.uk/foreign-travel-advice/nepal"
                onClick={[Function]}
                onMouseEnter={[Function]}
              >
                Travel Advice Page
              </a>
              <a
                className="sc-iCfMLu jfIWXV"
                href="https://www.gov.uk/foreign-travel-advice/nepal/entry-requirements#entry-rules-in-response-to-coronavirus-covid-19"
                onClick={[Function]}
                onMouseEnter={[Function]}
              >
                COVID Information Page
              </a>
            </div>
          </div>
        </li>
        <li
          className="sc-eCImPb DCDB"
        >
          <div>
            <h2>
              nicaragua
            </h2>
            <div
              className="sc-jRQBWg imXNHW"
            >
              <p>
                This page
                 
                doesn't mention the word 'quarantine'
                 
              </p>
              <p>
                This page
                 
                doesn't mention having closed borders
              </p>
            </div>
            <div
              className="sc-gKclnd dQvXD"
            >
              <a
                className="sc-iCfMLu jfIWXV"
                href="https://www.gov.uk/foreign-travel-advice/nicaragua"
                onClick={[Function]}
                onMouseEnter={[Function]}
              >
                Travel Advice Page
              </a>
              <a
                className="sc-iCfMLu jfIWXV"
                href="https://www.gov.uk/foreign-travel-advice/nicaragua/entry-requirements#entry-rules-in-response-to-coronavirus-covid-19"
                onClick={[Function]}
                onMouseEnter={[Function]}
              >
                COVID Information Page
              </a>
            </div>
          </div>
        </li>
        <li
          className="sc-eCImPb DCDB"
        >
          <div>
            <h2>
              oman
            </h2>
            <div
              className="sc-jRQBWg imXNHW"
            >
              <p>
                This page
                 
                doesn't mention the word 'quarantine'
                 
              </p>
              <p>
                This page
                 
                doesn't mention having closed borders
              </p>
            </div>
            <div
              className="sc-gKclnd dQvXD"
            >
              <a
                className="sc-iCfMLu jfIWXV"
                href="https://www.gov.uk/foreign-travel-advice/oman"
                onClick={[Function]}
                onMouseEnter={[Function]}
              >
                Travel Advice Page
              </a>
              <a
                className="sc-iCfMLu jfIWXV"
                href="https://www.gov.uk/foreign-travel-advice/oman/entry-requirements#entry-rules-in-response-to-coronavirus-covid-19"
                onClick={[Function]}
                onMouseEnter={[Function]}
              >
                COVID Information Page
              </a>
            </div>
          </div>
        </li>
        <li
          className="sc-eCImPb DCDB"
        >
          <div>
            <h2>
              paraguay
            </h2>
            <div
              className="sc-jRQBWg imXNHW"
            >
              <p>
                This page
                 
                doesn't mention the word 'quarantine'
                 
              </p>
              <p>
                This page
                 
                doesn't mention having closed borders
              </p>
            </div>
            <div
              className="sc-gKclnd dQvXD"
            >
              <a
                className="sc-iCfMLu jfIWXV"
                href="https://www.gov.uk/foreign-travel-advice/paraguay"
                onClick={[Function]}
                onMouseEnter={[Function]}
              >
                Travel Advice Page
              </a>
              <a
                className="sc-iCfMLu jfIWXV"
                href="https://www.gov.uk/foreign-travel-advice/paraguay/entry-requirements#entry-rules-in-response-to-coronavirus-covid-19"
                onClick={[Function]}
                onMouseEnter={[Function]}
              >
                COVID Information Page
              </a>
            </div>
          </div>
        </li>
        <li
          className="sc-eCImPb DCDB"
        >
          <div>
            <h2>
              pitcairn island
            </h2>
            <div
              className="sc-jRQBWg imXNHW"
            >
              <p>
                This page
                 
                doesn't mention the word 'quarantine'
                 
              </p>
              <p>
                This page
                 
                doesn't mention having closed borders
              </p>
            </div>
            <div
              className="sc-gKclnd dQvXD"
            >
              <a
                className="sc-iCfMLu jfIWXV"
                href="https://www.gov.uk/foreign-travel-advice/pitcairn-island"
                onClick={[Function]}
                onMouseEnter={[Function]}
              >
                Travel Advice Page
              </a>
              <a
                className="sc-iCfMLu jfIWXV"
                href="https://www.gov.uk/foreign-travel-advice/pitcairn-island/entry-requirements#entry-rules-in-response-to-coronavirus-covid-19"
                onClick={[Function]}
                onMouseEnter={[Function]}
              >
                COVID Information Page
              </a>
            </div>
          </div>
        </li>
        <li
          className="sc-eCImPb DCDB"
        >
          <div>
            <h2>
              rwanda
            </h2>
            <div
              className="sc-jRQBWg imXNHW"
            >
              <p>
                This page
                 
                doesn't mention the word 'quarantine'
                 
              </p>
              <p>
                This page
                 
                doesn't mention having closed borders
              </p>
            </div>
            <div
              className="sc-gKclnd dQvXD"
            >
              <a
                className="sc-iCfMLu jfIWXV"
                href="https://www.gov.uk/foreign-travel-advice/rwanda"
                onClick={[Function]}
                onMouseEnter={[Function]}
              >
                Travel Advice Page
              </a>
              <a
                className="sc-iCfMLu jfIWXV"
                href="https://www.gov.uk/foreign-travel-advice/rwanda/entry-requirements#entry-rules-in-response-to-coronavirus-covid-19"
                onClick={[Function]}
                onMouseEnter={[Function]}
              >
                COVID Information Page
              </a>
            </div>
          </div>
        </li>
        <li
          className="sc-eCImPb DCDB"
        >
          <div>
            <h2>
              samoa
            </h2>
            <div
              className="sc-jRQBWg imXNHW"
            >
              <p>
                This page
                 
                doesn't mention the word 'quarantine'
                 
              </p>
              <p>
                This page
                 
                doesn't mention having closed borders
              </p>
            </div>
            <div
              className="sc-gKclnd dQvXD"
            >
              <a
                className="sc-iCfMLu jfIWXV"
                href="https://www.gov.uk/foreign-travel-advice/samoa"
                onClick={[Function]}
                onMouseEnter={[Function]}
              >
                Travel Advice Page
              </a>
              <a
                className="sc-iCfMLu jfIWXV"
                href="https://www.gov.uk/foreign-travel-advice/samoa/entry-requirements#entry-rules-in-response-to-coronavirus-covid-19"
                onClick={[Function]}
                onMouseEnter={[Function]}
              >
                COVID Information Page
              </a>
            </div>
          </div>
        </li>
        <li
          className="sc-eCImPb DCDB"
        >
          <div>
            <h2>
              senegal
            </h2>
            <div
              className="sc-jRQBWg imXNHW"
            >
              <p>
                This page
                 
                doesn't mention the word 'quarantine'
                 
              </p>
              <p>
                This page
                 
                doesn't mention having closed borders
              </p>
            </div>
            <div
              className="sc-gKclnd dQvXD"
            >
              <a
                className="sc-iCfMLu jfIWXV"
                href="https://www.gov.uk/foreign-travel-advice/senegal"
                onClick={[Function]}
                onMouseEnter={[Function]}
              >
                Travel Advice Page
              </a>
              <a
                className="sc-iCfMLu jfIWXV"
                href="https://www.gov.uk/foreign-travel-advice/senegal/entry-requirements#entry-rules-in-response-to-coronavirus-covid-19"
                onClick={[Function]}
                onMouseEnter={[Function]}
              >
                COVID Information Page
              </a>
            </div>
          </div>
        </li>
        <li
          className="sc-eCImPb DCDB"
        >
          <div>
            <h2>
              serbia
            </h2>
            <div
              className="sc-jRQBWg imXNHW"
            >
              <p>
                This page
                 
                doesn't mention the word 'quarantine'
                 
              </p>
              <p>
                This page
                 
                doesn't mention having closed borders
              </p>
            </div>
            <div
              className="sc-gKclnd dQvXD"
            >
              <a
                className="sc-iCfMLu jfIWXV"
                href="https://www.gov.uk/foreign-travel-advice/serbia"
                onClick={[Function]}
                onMouseEnter={[Function]}
              >
                Travel Advice Page
              </a>
              <a
                className="sc-iCfMLu jfIWXV"
                href="https://www.gov.uk/foreign-travel-advice/serbia/entry-requirements#entry-rules-in-response-to-coronavirus-covid-19"
                onClick={[Function]}
                onMouseEnter={[Function]}
              >
                COVID Information Page
              </a>
            </div>
          </div>
        </li>
        <li
          className="sc-eCImPb DCDB"
        >
          <div>
            <h2>
              singapore
            </h2>
            <div
              className="sc-jRQBWg imXNHW"
            >
              <p>
                This page
                 
                mentions the word 'quarantine'
                 
              </p>
              <p>
                Quarantine measures may be conditional for this country
              </p>
              <p>
                This page
                 
                doesn't mention having closed borders
              </p>
            </div>
            <div
              className="sc-gKclnd dQvXD"
            >
              <a
                className="sc-iCfMLu jfIWXV"
                href="https://www.gov.uk/foreign-travel-advice/singapore"
                onClick={[Function]}
                onMouseEnter={[Function]}
              >
                Travel Advice Page
              </a>
              <a
                className="sc-iCfMLu jfIWXV"
                href="https://www.gov.uk/foreign-travel-advice/singapore/entry-requirements#entry-rules-in-response-to-coronavirus-covid-19"
                onClick={[Function]}
                onMouseEnter={[Function]}
              >
                COVID Information Page
              </a>
            </div>
          </div>
        </li>
        <li
          className="sc-eCImPb DCDB"
        >
          <div>
            <h2>
              slovakia
            </h2>
            <div
              className="sc-jRQBWg imXNHW"
            >
              <p>
                This page
                 
                doesn't mention the word 'quarantine'
                 
              </p>
              <p>
                This page
                 
                doesn't mention having closed borders
              </p>
            </div>
            <div
              className="sc-gKclnd dQvXD"
            >
              <a
                className="sc-iCfMLu jfIWXV"
                href="https://www.gov.uk/foreign-travel-advice/slovakia"
                onClick={[Function]}
                onMouseEnter={[Function]}
              >
                Travel Advice Page
              </a>
              <a
                className="sc-iCfMLu jfIWXV"
                href="https://www.gov.uk/foreign-travel-advice/slovakia/entry-requirements#entry-rules-in-response-to-coronavirus-covid-19"
                onClick={[Function]}
                onMouseEnter={[Function]}
              >
                COVID Information Page
              </a>
            </div>
          </div>
        </li>
        <li
          className="sc-eCImPb DCDB"
        >
          <div>
            <h2>
              south korea
            </h2>
            <div
              className="sc-jRQBWg imXNHW"
            >
              <p>
                This page
                 
                mentions the word 'quarantine'
                 
              </p>
              <p>
                Quarantine measures may be conditional for this country
              </p>
              <p>
                This page
                 
                doesn't mention having closed borders
              </p>
            </div>
            <div
              className="sc-gKclnd dQvXD"
            >
              <a
                className="sc-iCfMLu jfIWXV"
                href="https://www.gov.uk/foreign-travel-advice/south-korea"
                onClick={[Function]}
                onMouseEnter={[Function]}
              >
                Travel Advice Page
              </a>
              <a
                className="sc-iCfMLu jfIWXV"
                href="https://www.gov.uk/foreign-travel-advice/south-korea/entry-requirements#entry-rules-in-response-to-coronavirus-covid-19"
                onClick={[Function]}
                onMouseEnter={[Function]}
              >
                COVID Information Page
              </a>
            </div>
          </div>
        </li>
        <li
          className="sc-eCImPb DCDB"
        >
          <div>
            <h2>
              sri lanka
            </h2>
            <div
              className="sc-jRQBWg imXNHW"
            >
              <p>
                This page
                 
                mentions the word 'quarantine'
                 
              </p>
              <p>
                Quarantine measures may be conditional for this country
              </p>
              <p>
                This page
                 
                doesn't mention having closed borders
              </p>
            </div>
            <div
              className="sc-gKclnd dQvXD"
            >
              <a
                className="sc-iCfMLu jfIWXV"
                href="https://www.gov.uk/foreign-travel-advice/sri-lanka"
                onClick={[Function]}
                onMouseEnter={[Function]}
              >
                Travel Advice Page
              </a>
              <a
                className="sc-iCfMLu jfIWXV"
                href="https://www.gov.uk/foreign-travel-advice/sri-lanka/entry-requirements#entry-rules-in-response-to-coronavirus-covid-19"
                onClick={[Function]}
                onMouseEnter={[Function]}
              >
                COVID Information Page
              </a>
            </div>
          </div>
        </li>
        <li
          className="sc-eCImPb DCDB"
        >
          <div>
            <h2>
              st maarten
            </h2>
            <div
              className="sc-jRQBWg imXNHW"
            >
              <p>
                This page
                 
                doesn't mention the word 'quarantine'
                 
              </p>
              <p>
                This page
                 
                doesn't mention having closed borders
              </p>
            </div>
            <div
              className="sc-gKclnd dQvXD"
            >
              <a
                className="sc-iCfMLu jfIWXV"
                href="https://www.gov.uk/foreign-travel-advice/st-maarten"
                onClick={[Function]}
                onMouseEnter={[Function]}
              >
                Travel Advice Page
              </a>
              <a
                className="sc-iCfMLu jfIWXV"
                href="https://www.gov.uk/foreign-travel-advice/st-maarten/entry-requirements#entry-rules-in-response-to-coronavirus-covid-19"
                onClick={[Function]}
                onMouseEnter={[Function]}
              >
                COVID Information Page
              </a>
            </div>
          </div>
        </li>
        <li
          className="sc-eCImPb DCDB"
        >
          <div>
            <h2>
              st martin and st barthelemy
            </h2>
            <div
              className="sc-jRQBWg imXNHW"
            >
              <p>
                This page
                 
                doesn't mention the word 'quarantine'
                 
              </p>
              <p>
                This page
                 
                doesn't mention having closed borders
              </p>
            </div>
            <div
              className="sc-gKclnd dQvXD"
            >
              <a
                className="sc-iCfMLu jfIWXV"
                href="https://www.gov.uk/foreign-travel-advice/st-martin-and-st-barthelemy"
                onClick={[Function]}
                onMouseEnter={[Function]}
              >
                Travel Advice Page
              </a>
              <a
                className="sc-iCfMLu jfIWXV"
                href="https://www.gov.uk/foreign-travel-advice/st-martin-and-st-barthelemy/entry-requirements#entry-rules-in-response-to-coronavirus-covid-19"
                onClick={[Function]}
                onMouseEnter={[Function]}
              >
                COVID Information Page
              </a>
            </div>
          </div>
        </li>
        <li
          className="sc-eCImPb DCDB"
        >
          <div>
            <h2>
              st vincent and the grenadines
            </h2>
            <div
              className="sc-jRQBWg imXNHW"
            >
              <p>
                This page
                 
                doesn't mention the word 'quarantine'
                 
              </p>
              <p>
                This page
                 
                doesn't mention having closed borders
              </p>
            </div>
            <div
              className="sc-gKclnd dQvXD"
            >
              <a
                className="sc-iCfMLu jfIWXV"
                href="https://www.gov.uk/foreign-travel-advice/st-vincent-and-the-grenadines"
                onClick={[Function]}
                onMouseEnter={[Function]}
              >
                Travel Advice Page
              </a>
              <a
                className="sc-iCfMLu jfIWXV"
                href="https://www.gov.uk/foreign-travel-advice/st-vincent-and-the-grenadines/entry-requirements#entry-rules-in-response-to-coronavirus-covid-19"
                onClick={[Function]}
                onMouseEnter={[Function]}
              >
                COVID Information Page
              </a>
            </div>
          </div>
        </li>
        <li
          className="sc-eCImPb DCDB"
        >
          <div>
            <h2>
              suriname
            </h2>
            <div
              className="sc-jRQBWg imXNHW"
            >
              <p>
                This page
                 
                doesn't mention the word 'quarantine'
                 
              </p>
              <p>
                This page
                 
                doesn't mention having closed borders
              </p>
            </div>
            <div
              className="sc-gKclnd dQvXD"
            >
              <a
                className="sc-iCfMLu jfIWXV"
                href="https://www.gov.uk/foreign-travel-advice/suriname"
                onClick={[Function]}
                onMouseEnter={[Function]}
              >
                Travel Advice Page
              </a>
              <a
                className="sc-iCfMLu jfIWXV"
                href="https://www.gov.uk/foreign-travel-advice/suriname/entry-requirements#entry-rules-in-response-to-coronavirus-covid-19"
                onClick={[Function]}
                onMouseEnter={[Function]}
              >
                COVID Information Page
              </a>
            </div>
          </div>
        </li>
        <li
          className="sc-eCImPb DCDB"
        >
          <div>
            <h2>
              sweden
            </h2>
            <div
              className="sc-jRQBWg imXNHW"
            >
              <p>
                This page
                 
                doesn't mention the word 'quarantine'
                 
              </p>
              <p>
                This page
                 
                doesn't mention having closed borders
              </p>
            </div>
            <div
              className="sc-gKclnd dQvXD"
            >
              <a
                className="sc-iCfMLu jfIWXV"
                href="https://www.gov.uk/foreign-travel-advice/sweden"
                onClick={[Function]}
                onMouseEnter={[Function]}
              >
                Travel Advice Page
              </a>
              <a
                className="sc-iCfMLu jfIWXV"
                href="https://www.gov.uk/foreign-travel-advice/sweden/entry-requirements#entry-rules-in-response-to-coronavirus-covid-19"
                onClick={[Function]}
                onMouseEnter={[Function]}
              >
                COVID Information Page
              </a>
            </div>
          </div>
        </li>
        <li
          className="sc-eCImPb DCDB"
        >
          <div>
            <h2>
              switzerland
            </h2>
            <div
              className="sc-jRQBWg imXNHW"
            >
              <p>
                This page
                 
                doesn't mention the word 'quarantine'
                 
              </p>
              <p>
                This page
                 
                doesn't mention having closed borders
              </p>
            </div>
            <div
              className="sc-gKclnd dQvXD"
            >
              <a
                className="sc-iCfMLu jfIWXV"
                href="https://www.gov.uk/foreign-travel-advice/switzerland"
                onClick={[Function]}
                onMouseEnter={[Function]}
              >
                Travel Advice Page
              </a>
              <a
                className="sc-iCfMLu jfIWXV"
                href="https://www.gov.uk/foreign-travel-advice/switzerland/entry-requirements#entry-rules-in-response-to-coronavirus-covid-19"
                onClick={[Function]}
                onMouseEnter={[Function]}
              >
                COVID Information Page
              </a>
            </div>
          </div>
        </li>
        <li
          className="sc-eCImPb DCDB"
        >
          <div>
            <h2>
              syria
            </h2>
            <div
              className="sc-jRQBWg imXNHW"
            >
              <p>
                This page
                 
                doesn't mention the word 'quarantine'
                 
              </p>
              <p>
                This page
                 
                doesn't mention having closed borders
              </p>
            </div>
            <div
              className="sc-gKclnd dQvXD"
            >
              <a
                className="sc-iCfMLu jfIWXV"
                href="https://www.gov.uk/foreign-travel-advice/syria"
                onClick={[Function]}
                onMouseEnter={[Function]}
              >
                Travel Advice Page
              </a>
              <a
                className="sc-iCfMLu jfIWXV"
                href="https://www.gov.uk/foreign-travel-advice/syria/entry-requirements#entry-rules-in-response-to-coronavirus-covid-19"
                onClick={[Function]}
                onMouseEnter={[Function]}
              >
                COVID Information Page
              </a>
            </div>
          </div>
        </li>
        <li
          className="sc-eCImPb DCDB"
        >
          <div>
            <h2>
              uganda
            </h2>
            <div
              className="sc-jRQBWg imXNHW"
            >
              <p>
                This page
                 
                doesn't mention the word 'quarantine'
                 
              </p>
              <p>
                This page
                 
                doesn't mention having closed borders
              </p>
            </div>
            <div
              className="sc-gKclnd dQvXD"
            >
              <a
                className="sc-iCfMLu jfIWXV"
                href="https://www.gov.uk/foreign-travel-advice/uganda"
                onClick={[Function]}
                onMouseEnter={[Function]}
              >
                Travel Advice Page
              </a>
              <a
                className="sc-iCfMLu jfIWXV"
                href="https://www.gov.uk/foreign-travel-advice/uganda/entry-requirements#entry-rules-in-response-to-coronavirus-covid-19"
                onClick={[Function]}
                onMouseEnter={[Function]}
              >
                COVID Information Page
              </a>
            </div>
          </div>
        </li>
      </ul>
    </section>
  </main>
  <footer
    className="sc-furwcr exsMRP"
  >
    <p>
      Made with love by
       
      <a
        href="https://makingstuffs.co.uk"
        title="My website"
      >
        Making Stuffs
      </a>
    </p>
  </footer>
</div>
`;
